2026-05-21T03:46:26Z INF Thank you for trying Cloudflare Tunnel. Doing so, without a Cloudflare account, is a quick way to experiment and try it out. However, be aware that these account-less Tunnels have no uptime guarantee, are subject to the Cloudflare Online Services Terms of Use (https://www.cloudflare.com/website-terms/), and Cloudflare reserves the right to investigate your use of Tunnels for violations of such terms. If you intend to use Tunnels in production you should use a pre-created named tunnel by following: https://developers.cloudflare.com/cloudflare-one/connections/connect-apps
2026-05-21T03:46:26Z INF Requesting new quick Tunnel on trycloudflare.com...
2026-05-21T03:46:29Z INF +--------------------------------------------------------------------------------------------+
2026-05-21T03:46:29Z INF |  Your quick Tunnel has been created! Visit it at (it may take some time to be reachable):  |
2026-05-21T03:46:29Z INF |  https://performing-genome-solution-age.trycloudflare.com                                  |
2026-05-21T03:46:29Z INF +--------------------------------------------------------------------------------------------+
2026-05-21T03:46:29Z INF Cannot determine default configuration path. No file [config.yml config.yaml] in [~/.cloudflared ~/.cloudflare-warp ~/cloudflare-warp /etc/cloudflared /usr/local/etc/cloudflared]
2026-05-21T03:46:29Z INF Version 2026.5.0 (Checksum 65309158e2859060be0ef4e8cbfd133f3d0fb85e6f76147191faecde89ac9932)
2026-05-21T03:46:29Z INF GOOS: darwin, GOVersion: go1.26.3, GoArch: arm64
2026-05-21T03:46:29Z INF Settings: map[ha-connections:1 protocol:quic url:http://localhost:8000]
2026-05-21T03:46:29Z INF cloudflared will not automatically update if installed by a package manager.
2026-05-21T03:46:29Z INF Generated Connector ID: 50e31843-bb14-4922-837b-955bc2ca1c4a
2026-05-21T03:46:29Z INF Initial protocol quic
2026-05-21T03:46:29Z INF ICMP proxy will use 192.168.12.166 as source for IPv4
2026-05-21T03:46:29Z INF ICMP proxy will use fe80::1016:407b:4312:6bb3 in zone en1 as source for IPv6
2026-05-21T03:46:29Z INF Created ICMP proxy listening on 192.168.12.166:0
2026-05-21T03:46:29Z INF ICMP proxy will use 192.168.12.166 as source for IPv4
2026-05-21T03:46:29Z INF ICMP proxy will use fe80::1016:407b:4312:6bb3 in zone en1 as source for IPv6
2026-05-21T03:46:29Z INF Starting metrics server on 127.0.0.1:20241/metrics
2026-05-21T03:46:29Z INF Tunnel connection curve preferences: [X25519MLKEM768 CurveID(65074) CurveP256] connIndex=0 event=0 ip=2606:4700:a8::9
2026-05-21T03:46:29Z INF Registered tunnel connection connIndex=0 connection=3c8d4e91-537c-41fd-b861-68162ad9461e event=0 ip=2606:4700:a8::9 location=ewr16 protocol=quic
2026-05-21T03:53:45Z ERR  error="stream 33 canceled by remote with error code 0" connIndex=0 event=1 ingressRule=0 originService=http://localhost:8000
2026-05-21T03:53:45Z ERR Request failed error="stream 33 canceled by remote with error code 0" connIndex=0 dest=https://performing-genome-solution-age.trycloudflare.com/leaderboard/stream event=0 ip=2606:4700:a8::9 type=http
2026-05-21T03:53:47Z ERR  error="stream 37 canceled by remote with error code 0" connIndex=0 event=1 ingressRule=0 originService=http://localhost:8000
2026-05-21T03:53:47Z ERR Request failed error="stream 37 canceled by remote with error code 0" connIndex=0 dest=https://performing-genome-solution-age.trycloudflare.com/leaderboard/stream event=0 ip=2606:4700:a8::9 type=http
2026-05-21T03:53:49Z ERR  error="stream 41 canceled by remote with error code 0" connIndex=0 event=1 ingressRule=0 originService=http://localhost:8000
2026-05-21T03:53:49Z ERR Request failed error="stream 41 canceled by remote with error code 0" connIndex=0 dest=https://performing-genome-solution-age.trycloudflare.com/leaderboard/stream event=0 ip=2606:4700:a8::9 type=http
2026-05-21T03:59:02Z ERR  error="stream 49 canceled by remote with error code 0" connIndex=0 event=1 ingressRule=0 originService=http://localhost:8000
2026-05-21T03:59:02Z ERR Request failed error="stream 49 canceled by remote with error code 0" connIndex=0 dest=https://performing-genome-solution-age.trycloudflare.com/leaderboard/stream event=0 ip=2606:4700:a8::9 type=http
2026-05-21T04:02:26Z ERR  error="stream 193 canceled by remote with error code 0" connIndex=0 event=1 ingressRule=0 originService=http://localhost:8000
2026-05-21T04:02:26Z ERR Request failed error="stream 193 canceled by remote with error code 0" connIndex=0 dest=https://performing-genome-solution-age.trycloudflare.com/leaderboard/stream event=0 ip=2606:4700:a8::9 type=http
2026-05-21T04:02:30Z ERR  error="stream 201 canceled by remote with error code 0" connIndex=0 event=1 ingressRule=0 originService=http://localhost:8000
2026-05-21T04:02:30Z ERR Request failed error="stream 201 canceled by remote with error code 0" connIndex=0 dest=https://performing-genome-solution-age.trycloudflare.com/leaderboard/stream event=0 ip=2606:4700:a8::9 type=http
2026-05-21T04:04:54Z ERR  error="stream 217 canceled by remote with error code 0" connIndex=0 event=1 ingressRule=0 originService=http://localhost:8000
2026-05-21T04:04:54Z ERR Request failed error="stream 217 canceled by remote with error code 0" connIndex=0 dest=https://performing-genome-solution-age.trycloudflare.com/leaderboard/stream event=0 ip=2606:4700:a8::9 type=http
2026-05-21T05:05:20Z ERR failed to run the datagram handler error="timeout: no recent network activity" connIndex=0 event=0 ip=2606:4700:a8::9
2026-05-21T05:05:20Z ERR failed to accept incoming stream requests error="failed to accept QUIC stream: timeout: no recent network activity" connIndex=0 event=0 ip=2606:4700:a8::9
2026-05-21T05:05:20Z ERR  error="timeout: no recent network activity" connIndex=0 event=1 ingressRule=0 originService=http://localhost:8000
2026-05-21T05:05:20Z ERR Request failed error="timeout: no recent network activity" connIndex=0 dest=https://performing-genome-solution-age.trycloudflare.com/leaderboard/stream event=0 ip=2606:4700:a8::9 type=http
2026-05-21T05:05:20Z ERR failed to serve tunnel connection error="datagram manager encountered a failure while serving" connIndex=0 event=0 ip=2606:4700:a8::9
2026-05-21T05:05:20Z ERR Serve tunnel error error="datagram manager encountered a failure while serving" connIndex=0 event=0 ip=2606:4700:a8::9
2026-05-21T05:05:20Z INF Retrying connection in up to 1s connIndex=0 event=0 ip=2606:4700:a8::9
2026-05-21T05:05:22Z INF Tunnel connection curve preferences: [X25519MLKEM768 CurveID(65074) CurveP256] connIndex=0 event=0 ip=2606:4700:a8::9
2026-05-21T05:05:22Z INF Registered tunnel connection connIndex=0 connection=6d671b14-b68d-4ebe-b9db-0560b9a2f9c0 event=0 ip=2606:4700:a8::9 location=ewr14 protocol=quic
2026-05-21T05:10:16Z ERR  error="stream 1 canceled by remote with error code 0" connIndex=0 event=1 ingressRule=0 originService=http://localhost:8000
2026-05-21T05:10:16Z ERR Request failed error="stream 1 canceled by remote with error code 0" connIndex=0 dest=https://performing-genome-solution-age.trycloudflare.com/leaderboard/stream event=0 ip=2606:4700:a8::9 type=http
2026-05-21T06:50:29Z ERR  error="stream 45 canceled by remote with error code 0" connIndex=0 event=1 ingressRule=0 originService=http://localhost:8000
2026-05-21T06:50:29Z ERR Request failed error="stream 45 canceled by remote with error code 0" connIndex=0 dest=https://performing-genome-solution-age.trycloudflare.com/leaderboard/stream event=0 ip=2606:4700:a8::9 type=http
2026-05-21T08:30:42Z ERR  error="stream 849 canceled by remote with error code 0" connIndex=0 event=1 ingressRule=0 originService=http://localhost:8000
2026-05-21T08:30:42Z ERR Request failed error="stream 849 canceled by remote with error code 0" connIndex=0 dest=https://performing-genome-solution-age.trycloudflare.com/leaderboard/stream event=0 ip=2606:4700:a8::9 type=http
2026-05-21T10:10:56Z ERR  error="stream 1661 canceled by remote with error code 0" connIndex=0 event=1 ingressRule=0 originService=http://localhost:8000
2026-05-21T10:10:56Z ERR Request failed error="stream 1661 canceled by remote with error code 0" connIndex=0 dest=https://performing-genome-solution-age.trycloudflare.com/leaderboard/stream event=0 ip=2606:4700:a8::9 type=http
2026-05-22T00:45:17Z INF Thank you for trying Cloudflare Tunnel. Doing so, without a Cloudflare account, is a quick way to experiment and try it out. However, be aware that these account-less Tunnels have no uptime guarantee, are subject to the Cloudflare Online Services Terms of Use (https://www.cloudflare.com/website-terms/), and Cloudflare reserves the right to investigate your use of Tunnels for violations of such terms. If you intend to use Tunnels in production you should use a pre-created named tunnel by following: https://developers.cloudflare.com/cloudflare-one/connections/connect-apps
2026-05-22T00:45:17Z INF Requesting new quick Tunnel on trycloudflare.com...
2026-05-22T00:45:21Z INF +--------------------------------------------------------------------------------------------+
2026-05-22T00:45:21Z INF |  Your quick Tunnel has been created! Visit it at (it may take some time to be reachable):  |
2026-05-22T00:45:21Z INF |  https://camp-council-diving-armor.trycloudflare.com                                       |
2026-05-22T00:45:21Z INF +--------------------------------------------------------------------------------------------+
2026-05-22T00:45:21Z INF Cannot determine default configuration path. No file [config.yml config.yaml] in [~/.cloudflared ~/.cloudflare-warp ~/cloudflare-warp /etc/cloudflared /usr/local/etc/cloudflared]
2026-05-22T00:45:21Z INF Version 2026.5.0 (Checksum 65309158e2859060be0ef4e8cbfd133f3d0fb85e6f76147191faecde89ac9932)
2026-05-22T00:45:21Z INF GOOS: darwin, GOVersion: go1.26.3, GoArch: arm64
2026-05-22T00:45:21Z INF Settings: map[ha-connections:1 protocol:quic url:http://localhost:8000]
2026-05-22T00:45:21Z INF cloudflared will not automatically update if installed by a package manager.
2026-05-22T00:45:22Z INF Generated Connector ID: 43cca57a-f8ce-4e46-86df-94db0ec1aa1d
2026-05-22T00:45:22Z INF Initial protocol quic
2026-05-22T00:45:22Z INF ICMP proxy will use 192.168.12.166 as source for IPv4
2026-05-22T00:45:22Z INF ICMP proxy will use fe80::c62:702c:535a:92e9 in zone en1 as source for IPv6
2026-05-22T00:45:22Z INF Created ICMP proxy listening on 192.168.12.166:0
2026-05-22T00:45:22Z INF ICMP proxy will use 192.168.12.166 as source for IPv4
2026-05-22T00:45:22Z INF ICMP proxy will use fe80::c62:702c:535a:92e9 in zone en1 as source for IPv6
2026-05-22T00:45:22Z INF Starting metrics server on 127.0.0.1:20241/metrics
2026-05-22T00:45:22Z INF Tunnel connection curve preferences: [X25519MLKEM768 CurveID(65074) CurveP256] connIndex=0 event=0 ip=2606:4700:a0::3
2026-05-22T00:45:23Z INF Registered tunnel connection connIndex=0 connection=513c45d2-61a4-45d6-a1c3-1cbc556537e4 event=0 ip=2606:4700:a0::3 location=bos04 protocol=quic
2026-05-22T00:49:51Z INF Thank you for trying Cloudflare Tunnel. Doing so, without a Cloudflare account, is a quick way to experiment and try it out. However, be aware that these account-less Tunnels have no uptime guarantee, are subject to the Cloudflare Online Services Terms of Use (https://www.cloudflare.com/website-terms/), and Cloudflare reserves the right to investigate your use of Tunnels for violations of such terms. If you intend to use Tunnels in production you should use a pre-created named tunnel by following: https://developers.cloudflare.com/cloudflare-one/connections/connect-apps
2026-05-22T00:49:51Z INF Requesting new quick Tunnel on trycloudflare.com...
2026-05-22T00:49:54Z INF +--------------------------------------------------------------------------------------------+
2026-05-22T00:49:54Z INF |  Your quick Tunnel has been created! Visit it at (it may take some time to be reachable):  |
2026-05-22T00:49:54Z INF |  https://sum-agenda-visible-soa.trycloudflare.com                                          |
2026-05-22T00:49:54Z INF +--------------------------------------------------------------------------------------------+
2026-05-22T00:49:54Z INF Cannot determine default configuration path. No file [config.yml config.yaml] in [~/.cloudflared ~/.cloudflare-warp ~/cloudflare-warp /etc/cloudflared /usr/local/etc/cloudflared]
2026-05-22T00:49:54Z INF Version 2026.5.0 (Checksum 65309158e2859060be0ef4e8cbfd133f3d0fb85e6f76147191faecde89ac9932)
2026-05-22T00:49:54Z INF GOOS: darwin, GOVersion: go1.26.3, GoArch: arm64
2026-05-22T00:49:54Z INF Settings: map[ha-connections:1 protocol:quic url:http://localhost:8000]
2026-05-22T00:49:54Z INF cloudflared will not automatically update if installed by a package manager.
2026-05-22T00:49:54Z INF Generated Connector ID: d82a221b-e636-481f-bdcb-454c4b32607d
2026-05-22T00:49:54Z INF Initial protocol quic
2026-05-22T00:49:54Z INF ICMP proxy will use 192.168.12.166 as source for IPv4
2026-05-22T00:49:54Z INF ICMP proxy will use fe80::c62:702c:535a:92e9 in zone en1 as source for IPv6
2026-05-22T00:49:54Z INF Created ICMP proxy listening on 192.168.12.166:0
2026-05-22T00:49:54Z INF ICMP proxy will use 192.168.12.166 as source for IPv4
2026-05-22T00:49:54Z INF ICMP proxy will use fe80::c62:702c:535a:92e9 in zone en1 as source for IPv6
2026-05-22T00:49:54Z INF Starting metrics server on 127.0.0.1:20241/metrics
2026-05-22T00:49:54Z INF Tunnel connection curve preferences: [X25519MLKEM768 CurveID(65074) CurveP256] connIndex=0 event=0 ip=2606:4700:a8::10
2026-05-22T00:49:54Z INF Registered tunnel connection connIndex=0 connection=c9009af5-85ae-4bf5-88cb-186cc6e4ed15 event=0 ip=2606:4700:a8::10 location=ewr15 protocol=quic
2026-05-24T09:05:22Z ERR Failed to refresh DNS local resolver error="lookup region1.v2.argotunnel.com: i/o timeout"
2026-05-24T16:25:03Z ERR failed to accept incoming stream requests error="failed to accept QUIC stream: write udp6 [::]:64209->[2606:4700:a8::10]:7844: sendmsg: no route to host" connIndex=0 event=0 ip=2606:4700:a8::10
2026-05-24T16:25:03Z ERR failed to run the datagram handler error="write udp6 [::]:64209->[2606:4700:a8::10]:7844: sendmsg: no route to host" connIndex=0 event=0 ip=2606:4700:a8::10
2026-05-24T16:25:03Z ERR failed to serve tunnel connection error="accept stream listener encountered a failure while serving" connIndex=0 event=0 ip=2606:4700:a8::10
2026-05-24T16:25:03Z ERR Serve tunnel error error="accept stream listener encountered a failure while serving" connIndex=0 event=0 ip=2606:4700:a8::10
2026-05-24T16:25:03Z INF Retrying connection in up to 1s connIndex=0 event=0 ip=2606:4700:a8::10
2026-05-24T16:25:04Z INF Tunnel connection curve preferences: [X25519MLKEM768 CurveID(65074) CurveP256] connIndex=0 event=0 ip=2606:4700:a8::10
2026-05-24T16:25:04Z ERR Failed to dial a quic connection error="failed to dial to edge with quic: write udp6 [::]:64209->[2606:4700:a8::10]:7844: sendmsg: no route to host" connIndex=0 event=0 ip=2606:4700:a8::10
2026-05-24T16:25:04Z INF Retrying connection in up to 4s connIndex=0 event=0 ip=2606:4700:a8::10
2026-05-24T16:25:05Z INF Tunnel connection curve preferences: [X25519MLKEM768 CurveID(65074) CurveP256] connIndex=0 event=0 ip=2606:4700:a0::2
2026-05-24T16:25:06Z INF Registered tunnel connection connIndex=0 connection=9e65d848-2570-49d2-858d-c52537bb0cf6 event=0 ip=2606:4700:a0::2 location=bos01 protocol=quic
2026-05-24T18:10:30Z ERR Failed to refresh DNS local resolver error="lookup region1.v2.argotunnel.com: i/o timeout"
2026-05-25T23:30:06Z INF Thank you for trying Cloudflare Tunnel. Doing so, without a Cloudflare account, is a quick way to experiment and try it out. However, be aware that these account-less Tunnels have no uptime guarantee, are subject to the Cloudflare Online Services Terms of Use (https://www.cloudflare.com/website-terms/), and Cloudflare reserves the right to investigate your use of Tunnels for violations of such terms. If you intend to use Tunnels in production you should use a pre-created named tunnel by following: https://developers.cloudflare.com/cloudflare-one/connections/connect-apps
2026-05-25T23:30:06Z INF Requesting new quick Tunnel on trycloudflare.com...
2026-05-25T23:30:10Z INF +--------------------------------------------------------------------------------------------+
2026-05-25T23:30:10Z INF |  Your quick Tunnel has been created! Visit it at (it may take some time to be reachable):  |
2026-05-25T23:30:10Z INF |  https://princeton-passenger-indicators-expenses.trycloudflare.com                         |
2026-05-25T23:30:10Z INF +--------------------------------------------------------------------------------------------+
2026-05-25T23:30:10Z INF Cannot determine default configuration path. No file [config.yml config.yaml] in [~/.cloudflared ~/.cloudflare-warp ~/cloudflare-warp /etc/cloudflared /usr/local/etc/cloudflared]
2026-05-25T23:30:10Z INF Version 2026.5.0 (Checksum 65309158e2859060be0ef4e8cbfd133f3d0fb85e6f76147191faecde89ac9932)
2026-05-25T23:30:10Z INF GOOS: darwin, GOVersion: go1.26.3, GoArch: arm64
2026-05-25T23:30:10Z INF Settings: map[ha-connections:1 protocol:quic url:http://localhost:8000]
2026-05-25T23:30:10Z INF cloudflared will not automatically update if installed by a package manager.
2026-05-25T23:30:10Z INF Generated Connector ID: b10ee4a3-8a8b-49e2-9ca0-0951219f0c33
2026-05-25T23:30:10Z INF Initial protocol quic
2026-05-25T23:30:10Z INF ICMP proxy will use 192.168.12.166 as source for IPv4
2026-05-25T23:30:10Z INF ICMP proxy will use fe80::ce5:2073:f8a1:5e29 in zone en1 as source for IPv6
2026-05-25T23:30:10Z INF Created ICMP proxy listening on 192.168.12.166:0
2026-05-25T23:30:10Z INF ICMP proxy will use 192.168.12.166 as source for IPv4
2026-05-25T23:30:10Z INF ICMP proxy will use fe80::ce5:2073:f8a1:5e29 in zone en1 as source for IPv6
2026-05-25T23:30:10Z INF Starting metrics server on 127.0.0.1:20241/metrics
2026-05-25T23:30:10Z INF Tunnel connection curve preferences: [X25519MLKEM768 CurveID(65074) CurveP256] connIndex=0 event=0 ip=2606:4700:a0::6
2026-05-25T23:30:10Z INF Registered tunnel connection connIndex=0 connection=3eb65bef-faef-41c0-b6a8-52bddaa6a32c event=0 ip=2606:4700:a0::6 location=bos04 protocol=quic
2026-05-26T23:30:13Z WRN Your version 2026.5.0 is outdated. We recommend upgrading it to 2026.5.1
2026-05-27T23:30:12Z WRN Your version 2026.5.0 is outdated. We recommend upgrading it to 2026.5.2
2026-05-28T23:30:11Z WRN Your version 2026.5.0 is outdated. We recommend upgrading it to 2026.5.2
2026-05-29T23:30:10Z WRN Your version 2026.5.0 is outdated. We recommend upgrading it to 2026.5.2
2026-05-30T16:56:01Z ERR Failed to refresh DNS local resolver error="lookup region1.v2.argotunnel.com: i/o timeout"
2026-05-30T23:30:08Z WRN Your version 2026.5.0 is outdated. We recommend upgrading it to 2026.5.2
2026-05-31T18:43:26Z INF Thank you for trying Cloudflare Tunnel. Doing so, without a Cloudflare account, is a quick way to experiment and try it out. However, be aware that these account-less Tunnels have no uptime guarantee, are subject to the Cloudflare Online Services Terms of Use (https://www.cloudflare.com/website-terms/), and Cloudflare reserves the right to investigate your use of Tunnels for violations of such terms. If you intend to use Tunnels in production you should use a pre-created named tunnel by following: https://developers.cloudflare.com/cloudflare-one/connections/connect-apps
2026-05-31T18:43:26Z INF Requesting new quick Tunnel on trycloudflare.com...
2026-05-31T18:43:30Z INF +--------------------------------------------------------------------------------------------+
2026-05-31T18:43:30Z INF |  Your quick Tunnel has been created! Visit it at (it may take some time to be reachable):  |
2026-05-31T18:43:30Z INF |  https://william-airplane-potato-antibody.trycloudflare.com                                |
2026-05-31T18:43:30Z INF +--------------------------------------------------------------------------------------------+
2026-05-31T18:43:30Z INF Cannot determine default configuration path. No file [config.yml config.yaml] in [~/.cloudflared ~/.cloudflare-warp ~/cloudflare-warp /etc/cloudflared /usr/local/etc/cloudflared]
2026-05-31T18:43:30Z INF Version 2026.5.0 (Checksum 65309158e2859060be0ef4e8cbfd133f3d0fb85e6f76147191faecde89ac9932)
2026-05-31T18:43:30Z INF GOOS: darwin, GOVersion: go1.26.3, GoArch: arm64
2026-05-31T18:43:30Z INF Settings: map[ha-connections:1 protocol:quic url:http://localhost:8000]
2026-05-31T18:43:30Z INF cloudflared will not automatically update if installed by a package manager.
2026-05-31T18:43:30Z INF Generated Connector ID: 0bf04da8-ddd8-45d2-8950-42b97677ee1f
2026-05-31T18:43:30Z INF Initial protocol quic
2026-05-31T18:43:30Z INF ICMP proxy will use 192.168.12.166 as source for IPv4
2026-05-31T18:43:30Z INF ICMP proxy will use fe80::100d:823a:2880:aa75 in zone en1 as source for IPv6
2026-05-31T18:43:30Z INF Created ICMP proxy listening on 192.168.12.166:0
2026-05-31T18:43:30Z INF ICMP proxy will use 192.168.12.166 as source for IPv4
2026-05-31T18:43:30Z INF ICMP proxy will use fe80::100d:823a:2880:aa75 in zone en1 as source for IPv6
2026-05-31T18:43:30Z INF Starting metrics server on 127.0.0.1:20241/metrics
2026-05-31T18:43:30Z INF Tunnel connection curve preferences: [X25519MLKEM768 CurveID(65074) CurveP256] connIndex=0 event=0 ip=2606:4700:a0::9
2026-05-31T18:43:31Z INF Registered tunnel connection connIndex=0 connection=e85f6c3b-229e-46de-a974-d0decd815c01 event=0 ip=2606:4700:a0::9 location=bos03 protocol=quic
2026-06-01T04:35:12Z ERR failed to run the datagram handler error="write udp6 [::]:50418->[2606:4700:a0::9]:7844: sendmsg: no route to host" connIndex=0 event=0 ip=2606:4700:a0::9
2026-06-01T04:35:12Z ERR failed to accept incoming stream requests error="failed to accept QUIC stream: write udp6 [::]:50418->[2606:4700:a0::9]:7844: sendmsg: no route to host" connIndex=0 event=0 ip=2606:4700:a0::9
2026-06-01T04:35:12Z ERR failed to serve tunnel connection error="datagram manager encountered a failure while serving" connIndex=0 event=0 ip=2606:4700:a0::9
2026-06-01T04:35:12Z ERR Serve tunnel error error="datagram manager encountered a failure while serving" connIndex=0 event=0 ip=2606:4700:a0::9
2026-06-01T04:35:12Z INF Retrying connection in up to 1s connIndex=0 event=0 ip=2606:4700:a0::9
2026-06-01T04:35:14Z INF Tunnel connection curve preferences: [X25519MLKEM768 CurveID(65074) CurveP256] connIndex=0 event=0 ip=2606:4700:a0::9
2026-06-01T04:35:14Z ERR Failed to dial a quic connection error="failed to dial to edge with quic: write udp6 [::]:50418->[2606:4700:a0::9]:7844: sendmsg: no route to host" connIndex=0 event=0 ip=2606:4700:a0::9
2026-06-01T04:35:14Z INF Retrying connection in up to 4s connIndex=0 event=0 ip=2606:4700:a0::9
2026-06-01T04:35:16Z INF Tunnel connection curve preferences: [X25519MLKEM768 CurveID(65074) CurveP256] connIndex=0 event=0 ip=198.41.192.67
2026-06-01T04:35:16Z INF Registered tunnel connection connIndex=0 connection=ceb385f1-6de6-4e31-88ed-c6d4085e7aab event=0 ip=198.41.192.67 location=bos04 protocol=quic
2026-06-01T18:43:29Z WRN Your version 2026.5.0 is outdated. We recommend upgrading it to 2026.5.2
